
R version 4.2.1 (2022-06-23) -- "Funny-Looking Kid"
Copyright (C) 2022 The R Foundation for Statistical Computing
Platform: x86_64-apple-darwin17.0 (64-bit)

R is free software and comes with ABSOLUTELY NO WARRANTY.
You are welcome to redistribute it under certain conditions.
Type 'license()' or 'licence()' for distribution details.

  Natural language support but running in an English locale

R is a collaborative project with many contributors.
Type 'contributors()' for more information and
'citation()' on how to cite R or R packages in publications.

Type 'demo()' for some demos, 'help()' for on-line help, or
'help.start()' for an HTML browser interface to help.
Type 'q()' to quit R.

> # Reading in "long" data.
> #
> # The three data sets
> #                                       Rows  Columms
> # ./000_data_sets/psps_2019.csv   14,174,975       18
> source('utilities.R')
> 
> base <- read.csv(psps_2019_path)
> tidy <- read_csv(psps_2019_path)
Rows: 14174975 Columns: 18
── Column specification ────────────────────────────────────────────────────────
Delimiter: ","
chr (10): HCPCS_CD, HCPCS_INITIAL_MODIFIER_CD, PROVIDER_SPEC_CD, CARRIER_NUM...
dbl  (8): SUBMITTED_SERVICE_CNT, SUBMITTED_CHARGE_AMT, ALLOWED_CHARGE_AMT, D...

ℹ Use `spec()` to retrieve the full column specification for this data.
ℹ Specify the column types or set `show_col_types = FALSE` to quiet this message.
> DT   <- fread(psps_2019_path)
> 
> # DEFAULT BEHAVIOR IS DIFFERENT!!!!
> 
> # base and data.table have the same column class, tidy does not
> sapply(base, class) == sapply(DT, class)
                 HCPCS_CD HCPCS_INITIAL_MODIFIER_CD          PROVIDER_SPEC_CD 
                     TRUE                      TRUE                      TRUE 
              CARRIER_NUM       PRICING_LOCALITY_CD        TYPE_OF_SERVICE_CD 
                     TRUE                      TRUE                      TRUE 
      PLACE_OF_SERVICE_CD  HCPCS_SECOND_MODIFIER_CD     SUBMITTED_SERVICE_CNT 
                     TRUE                      TRUE                      TRUE 
     SUBMITTED_CHARGE_AMT        ALLOWED_CHARGE_AMT       DENIED_SERVICES_CNT 
                     TRUE                      TRUE                      TRUE 
        DENIED_CHARGE_AMT     ASSIGNED_SERVICES_CNT           NCH_PAYMENT_AMT 
                     TRUE                      TRUE                      TRUE 
         HCPCS_ASC_IND_CD              ERROR_IND_CD                  BETOS_CD 
                     TRUE                      TRUE                      TRUE 
> sapply(base, class) == sapply(tidy, class)
                 HCPCS_CD HCPCS_INITIAL_MODIFIER_CD          PROVIDER_SPEC_CD 
                     TRUE                      TRUE                      TRUE 
              CARRIER_NUM       PRICING_LOCALITY_CD        TYPE_OF_SERVICE_CD 
                    FALSE                      TRUE                      TRUE 
      PLACE_OF_SERVICE_CD  HCPCS_SECOND_MODIFIER_CD     SUBMITTED_SERVICE_CNT 
                    FALSE                      TRUE                      TRUE 
     SUBMITTED_CHARGE_AMT        ALLOWED_CHARGE_AMT       DENIED_SERVICES_CNT 
                     TRUE                      TRUE                      TRUE 
        DENIED_CHARGE_AMT     ASSIGNED_SERVICES_CNT           NCH_PAYMENT_AMT 
                     TRUE                      TRUE                      TRUE 
         HCPCS_ASC_IND_CD              ERROR_IND_CD                  BETOS_CD 
                     TRUE                     FALSE                      TRUE 
> 
> # look for leading zeros and integer vs numeric
> str(base[c("CARRIER_NUM", "PLACE_OF_SERVICE_CD", "ERROR_IND_CD")])
'data.frame':	14174975 obs. of  3 variables:
 $ CARRIER_NUM        : int  3102 19003 4112 5302 13292 882 12502 882 9102 19003 ...
 $ PLACE_OF_SERVICE_CD: int  22 12 24 24 11 31 11 11 11 12 ...
 $ ERROR_IND_CD       : int  0 0 0 0 0 0 0 0 0 0 ...
> str(tidy[c("CARRIER_NUM", "PLACE_OF_SERVICE_CD", "ERROR_IND_CD")])
tibble [14,174,975 × 3] (S3: tbl_df/tbl/data.frame)
 $ CARRIER_NUM        : chr [1:14174975] "03102" "19003" "04112" "05302" ...
 $ PLACE_OF_SERVICE_CD: chr [1:14174975] "22" "12" "24" "24" ...
 $ ERROR_IND_CD       : num [1:14174975] 0 0 0 0 0 0 0 0 0 0 ...
> 
> column_classes <-
+   c(
+   "HCPCS_CD"                  = "character",
+   "HCPCS_INITIAL_MODIFIER_CD" = "character",
+   "PROVIDER_SPEC_CD"          = "character",
+   "CARRIER_NUM"               = "integer",
+   "PRICING_LOCALITY_CD"       = "character",
+   "TYPE_OF_SERVICE_CD"        = "character",
+   "PLACE_OF_SERVICE_CD"       = "integer",
+   "HCPCS_SECOND_MODIFIER_CD"  = "character",
+   "SUBMITTED_SERVICE_CNT"     = "numeric",
+   "SUBMITTED_CHARGE_AMT"      = "numeric",
+   "ALLOWED_CHARGE_AMT"        = "numeric",
+   "DENIED_SERVICES_CNT"       = "numeric",
+   "DENIED_CHARGE_AMT"         = "numeric",
+   "ASSIGNED_SERVICES_CNT"     = "numeric",
+   "NCH_PAYMENT_AMT"           = "numeric",
+   "HCPCS_ASC_IND_CD"          = "character",
+   "ERROR_IND_CD"              = "integer",
+   "BETOS_CD"                  = "character")
> 
> 
> # calls for reading in the data
> calls <-
+   alist(
+         base = read.csv(psps_2019_path, colClasses = column_classes),
+         tidy = read_csv(psps_2019_path, col_types = column_classes),
+         dt   = fread(psps_2019_path, colClasses = column_classes)
+   )
> 
> all(sapply(eval(calls$base), class) == sapply(eval(calls$dt), class))
[1] TRUE
> all(sapply(eval(calls$base), class) == sapply(eval(calls$tidy), class))
[1] TRUE
> 
> 
> benchmark(calls, times = 5)
$benchmark
Unit: seconds
 expr      min        lq      mean    median        uq       max neval
 base 27.51801 29.068926 29.839916 29.271374 31.210970 32.130302     5
 tidy 15.18748 15.325644 16.987551 17.251164 17.258462 19.915001     5
   dt  3.54041  3.541225  4.335306  3.635085  4.252708  6.707103     5

$profmem
             bytes
base 6,196,407,960
tidy 1,871,104,816
dt   1,335,866,664

> 
> sessionInfo()
R version 4.2.1 (2022-06-23)
Platform: x86_64-apple-darwin17.0 (64-bit)
Running under: macOS Big Sur ... 10.16

Matrix products: default
BLAS:   /Library/Frameworks/R.framework/Versions/4.2/Resources/lib/libRblas.0.dylib
LAPACK: /Library/Frameworks/R.framework/Versions/4.2/Resources/lib/libRlapack.dylib

locale:
[1] en_US.UTF-8/en_US.UTF-8/en_US.UTF-8/C/en_US.UTF-8/en_US.UTF-8

attached base packages:
[1] stats     graphics  grDevices utils     datasets  methods   base     

other attached packages:
 [1] data.table_1.14.3 forcats_0.5.1     stringr_1.4.0     dplyr_1.0.9      
 [5] purrr_0.3.4       readr_2.1.2       tidyr_1.2.0       tibble_3.1.8     
 [9] ggplot2_3.3.6     tidyverse_1.3.2  

loaded via a namespace (and not attached):
 [1] pillar_1.8.0         compiler_4.2.1       cellranger_1.1.0    
 [4] dbplyr_2.2.1         tools_4.2.1          bit_4.0.4           
 [7] lubridate_1.8.0      googledrive_2.0.0    jsonlite_1.8.0      
[10] lifecycle_1.0.1      gargle_1.2.0         gtable_0.3.0        
[13] pkgconfig_2.0.3      rlang_1.0.4          reprex_2.0.1        
[16] DBI_1.1.3            cli_3.3.0            microbenchmark_1.4.9
[19] parallel_4.2.1       haven_2.5.0          xml2_1.3.3          
[22] withr_2.5.0          httr_1.4.3           generics_0.1.3      
[25] vctrs_0.4.1          fs_1.5.2             hms_1.1.1           
[28] bit64_4.0.5          googlesheets4_1.0.0  grid_4.2.1          
[31] tidyselect_1.1.2     glue_1.6.2           R6_2.5.1            
[34] fansi_1.0.3          readxl_1.4.0         profmem_0.6.0       
[37] vroom_1.5.7          tzdb_0.3.0           modelr_0.1.8        
[40] magrittr_2.0.3       backports_1.4.1      scales_1.2.0        
[43] ellipsis_0.3.2       rvest_1.0.2          assertthat_0.2.1    
[46] colorspace_2.0-3     utf8_1.2.2           stringi_1.7.8       
[49] munsell_0.5.0        broom_1.0.0          crayon_1.5.1        
> 
> 
> proc.time()
   user  system elapsed 
725.935 123.972 497.105 
